// Jest Snapshot v1, https://jestjs.io/docs/snapshot-testing

exports[`Nav matches snapshot 1`] = `
<div>
  <nav>
    <a
      class="nav-logo"
      href="#hero"
    >
      Daniel Khaleb
    </a>
    <ul
      class="nav-links"
    >
      <li>
        <a
          href="#about"
        >
          About
        </a>
      </li>
      <li>
        <a
          href="#experience"
        >
          Experience
        </a>
      </li>
      <li>
        <a
          href="#skills"
        >
          Skills
        </a>
      </li>
      <li>
        <a
          href="#contact"
        >
          Contact
        </a>
      </li>
    </ul>
  </nav>
</div>
`;
