// Jest Snapshot v1, https://jestjs.io/docs/snapshot-testing

exports[`Skills matches snapshot 1`] = `
<div>
  <section
    id="skills"
  >
    <div
      class="skills-inner"
    >
      <div>
        <p
          class="section-label"
        >
          Toolkit
        </p>
        <h2
          class="section-title"
        >
          Skills & technologies
        </h2>
        <p
          class="section-subtitle"
        >
          A broad stack built over 12+ years — from enterprise .NET to modern React architecture and AI-assisted development.
        </p>
      </div>
      <div
        class="skills-grid"
      >
        <div
          class="skill-card"
        >
          <p
            class="skill-category"
          >
            Frontend
          </p>
          <div
            class="skill-items"
          >
            <div
              class="skill-item"
            >
              <span
                class="skill-name"
              >
                React / Next.js
              </span>
              <div
                class="skill-bar-wrap"
              >
                <div
                  class="skill-bar"
                  style="width: 95%;"
                />
              </div>
            </div>
            <div
              class="skill-item"
            >
              <span
                class="skill-name"
              >
                TypeScript
              </span>
              <div
                class="skill-bar-wrap"
              >
                <div
                  class="skill-bar"
                  style="width: 88%;"
                />
              </div>
            </div>
            <div
              class="skill-item"
            >
              <span
                class="skill-name"
              >
                Vue.js
              </span>
              <div
                class="skill-bar-wrap"
              >
                <div
                  class="skill-bar"
                  style="width: 78%;"
                />
              </div>
            </div>
            <div
              class="skill-item"
            >
              <span
                class="skill-name"
              >
                Angular
              </span>
              <div
                class="skill-bar-wrap"
              >
                <div
                  class="skill-bar"
                  style="width: 65%;"
                />
              </div>
            </div>
          </div>
        </div>
        <div
          class="skill-card"
        >
          <p
            class="skill-category"
          >
            Backend
          </p>
          <div
            class="skill-items"
          >
            <div
              class="skill-item"
            >
              <span
                class="skill-name"
              >
                Node.js
              </span>
              <div
                class="skill-bar-wrap"
              >
                <div
                  class="skill-bar"
                  style="width: 93%;"
                />
              </div>
            </div>
            <div
              class="skill-item"
            >
              <span
                class="skill-name"
              >
                C# / .NET
              </span>
              <div
                class="skill-bar-wrap"
              >
                <div
                  class="skill-bar"
                  style="width: 80%;"
                />
              </div>
            </div>
            <div
              class="skill-item"
            >
              <span
                class="skill-name"
              >
                Python
              </span>
              <div
                class="skill-bar-wrap"
              >
                <div
                  class="skill-bar"
                  style="width: 70%;"
                />
              </div>
            </div>
            <div
              class="skill-item"
            >
              <span
                class="skill-name"
              >
                Go / Elixir
              </span>
              <div
                class="skill-bar-wrap"
              >
                <div
                  class="skill-bar"
                  style="width: 60%;"
                />
              </div>
            </div>
          </div>
        </div>
        <div
          class="skill-card"
        >
          <p
            class="skill-category"
          >
            Mobile & Data
          </p>
          <div
            class="skill-items"
          >
            <div
              class="skill-item"
            >
              <span
                class="skill-name"
              >
                React Native
              </span>
              <div
                class="skill-bar-wrap"
              >
                <div
                  class="skill-bar"
                  style="width: 82%;"
                />
              </div>
            </div>
            <div
              class="skill-item"
            >
              <span
                class="skill-name"
              >
                PostgreSQL
              </span>
              <div
                class="skill-bar-wrap"
              >
                <div
                  class="skill-bar"
                  style="width: 85%;"
                />
              </div>
            </div>
            <div
              class="skill-item"
            >
              <span
                class="skill-name"
              >
                SQL Server
              </span>
              <div
                class="skill-bar-wrap"
              >
                <div
                  class="skill-bar"
                  style="width: 78%;"
                />
              </div>
            </div>
            <div
              class="skill-item"
            >
              <span
                class="skill-name"
              >
                Oracle
              </span>
              <div
                class="skill-bar-wrap"
              >
                <div
                  class="skill-bar"
                  style="width: 55%;"
                />
              </div>
            </div>
          </div>
        </div>
        <div
          class="skill-card"
        >
          <p
            class="skill-category"
          >
            DevOps & Cloud
          </p>
          <div
            class="skill-items"
          >
            <div
              class="skill-item"
            >
              <span
                class="skill-name"
              >
                Docker
              </span>
              <div
                class="skill-bar-wrap"
              >
                <div
                  class="skill-bar"
                  style="width: 85%;"
                />
              </div>
            </div>
            <div
              class="skill-item"
            >
              <span
                class="skill-name"
              >
                AWS
              </span>
              <div
                class="skill-bar-wrap"
              >
                <div
                  class="skill-bar"
                  style="width: 72%;"
                />
              </div>
            </div>
            <div
              class="skill-item"
            >
              <span
                class="skill-name"
              >
                GCP
              </span>
              <div
                class="skill-bar-wrap"
              >
                <div
                  class="skill-bar"
                  style="width: 65%;"
                />
              </div>
            </div>
            <div
              class="skill-item"
            >
              <span
                class="skill-name"
              >
                Azure
              </span>
              <div
                class="skill-bar-wrap"
              >
                <div
                  class="skill-bar"
                  style="width: 60%;"
                />
              </div>
            </div>
          </div>
        </div>
        <div
          class="skill-card"
        >
          <p
            class="skill-category"
          >
            AI & Vibe Coding
          </p>
          <div
            class="skill-items"
          >
            <div
              class="skill-item"
            >
              <span
                class="skill-name"
              >
                Claude
              </span>
              <div
                class="skill-bar-wrap"
              >
                <div
                  class="skill-bar"
                  style="width: 90%;"
                />
              </div>
            </div>
            <div
              class="skill-item"
            >
              <span
                class="skill-name"
              >
                Kiro
              </span>
              <div
                class="skill-bar-wrap"
              >
                <div
                  class="skill-bar"
                  style="width: 80%;"
                />
              </div>
            </div>
            <div
              class="skill-item"
            >
              <span
                class="skill-name"
              >
                Vibe Coding
              </span>
              <div
                class="skill-bar-wrap"
              >
                <div
                  class="skill-bar"
                  style="width: 88%;"
                />
              </div>
            </div>
            <div
              class="skill-item"
            >
              <span
                class="skill-name"
              >
                Prompt Engineering
              </span>
              <div
                class="skill-bar-wrap"
              >
                <div
                  class="skill-bar"
                  style="width: 85%;"
                />
              </div>
            </div>
          </div>
        </div>
      </div>
    </div>
  </section>
</div>
`;
